
> express-api-docs@0.1.0 test
> vitest run --coverage --typecheck

[33mTesting types with tsc and vue-tsc is an experimental feature.
Breaking changes might not follow SemVer, please pin Vitest's version when using it.[39m

[1m[30m[46m RUN [49m[39m[22m [36mv5.0.2 [39m[90m/home/runner/work/API-DOCS/API-DOCS[39m
      [2mCoverage enabled with [22m[33mv8[39m


> express-api-docs@0.1.0 build
> tsup

[34mCLI[39m Building entry: {"index":"src/index.ts","manual":"src/manual.ts","zod":"src/zod.ts","auto-record":"src/auto-record.ts"}
[34mCLI[39m Using tsconfig: tsconfig.json
[34mCLI[39m tsup v8.5.1
[34mCLI[39m Using tsup config: /home/runner/work/API-DOCS/API-DOCS/tsup.config.ts
[34mCLI[39m Target: es2022
[34mCLI[39m Cleaning output folder
[34mESM[39m Build start
[34mCJS[39m Build start
[32mESM[39m [1mdist/index.js       [22m[32m46.10 KB[39m
[32mESM[39m [1mdist/manual.js      [22m[32m46.06 KB[39m
[32mESM[39m [1mdist/zod.js         [22m[32m2.03 KB[39m
[32mESM[39m [1mdist/auto-record.js [22m[32m3.86 KB[39m
[32mESM[39m ⚡️ Build success in 36ms
[32mCJS[39m [1mdist/zod.cjs         [22m[32m3.10 KB[39m
[32mCJS[39m [1mdist/auto-record.cjs [22m[32m5.00 KB[39m
[32mCJS[39m [1mdist/manual.cjs      [22m[32m47.70 KB[39m
[32mCJS[39m [1mdist/index.cjs       [22m[32m47.76 KB[39m
[32mCJS[39m ⚡️ Build success in 36ms
[34mDTS[39m Build start
[32mDTS[39m ⚡️ Build success in 1422ms
[32mDTS[39m [1mdist/auto-record.d.ts     [22m[32m13.00 B[39m
[32mDTS[39m [1mdist/zod.d.ts             [22m[32m241.00 B[39m
[32mDTS[39m [1mdist/index.d.ts           [22m[32m7.26 KB[39m
[32mDTS[39m [1mdist/manual.d.ts          [22m[32m714.00 B[39m
[32mDTS[39m [1mdist/types-BKNLo49R.d.ts  [22m[32m4.31 KB[39m
[32mDTS[39m [1mdist/auto-record.d.cts    [22m[32m13.00 B[39m
[32mDTS[39m [1mdist/zod.d.cts            [22m[32m243.00 B[39m
[32mDTS[39m [1mdist/index.d.cts          [22m[32m7.26 KB[39m
[32mDTS[39m [1mdist/manual.d.cts         [22m[32m716.00 B[39m
[32mDTS[39m [1mdist/types-BKNLo49R.d.cts [22m[32m4.31 KB[39m
 [32m✓[39m test/aidd-exhaustive/boundary-edge/aidd_exhaustive_boundary.test.ts [2m([22m[2m52 tests[22m[2m)[22m[32m 32[2mms[22m[39m
 [32m✓[39m test/aidd-exhaustive/impossible-abuse/abuse-matrix.test.ts [2m([22m[2m31 tests[22m[2m)[22m[32m 150[2mms[22m[39m
 [32m✓[39m test/aidd-exhaustive/negative-error-handling/negative.test.ts [2m([22m[2m53 tests[22m[2m)[22m[32m 148[2mms[22m[39m
 [32m✓[39m test/aidd-exhaustive/state-concurrency-idempotency/concurrency.test.ts [2m([22m[2m16 tests[22m[2m)[22m[33m 452[2mms[22m[39m
 [32m✓[39m test/aidd-exhaustive/functional-happy-path/happy-path.test.ts [2m([22m[2m48 tests[22m[2m)[22m[33m 557[2mms[22m[39m
 [32m✓[39m test/meta/workflows.test.ts [2m([22m[2m16 tests[22m[2m)[22m[32m 47[2mms[22m[39m
 [32m✓[39m test/introspect/warn.test.ts [2m([22m[2m16 tests[22m[2m | [22m[33m3 skipped[39m[2m)[22m[32m 37[2mms[22m[39m
 [32m✓[39m test/spec/defs-hoist.test.ts [2m([22m[2m8 tests[22m[2m)[22m[33m 757[2mms[22m[39m
 [32m✓[39m test/spec/build.test.ts [2m([22m[2m16 tests[22m[2m)[22m[33m 815[2mms[22m[39m
 [32m✓[39m test/introspect/recorder.test.ts [2m([22m[2m18 tests[22m[2m)[22m[32m 53[2mms[22m[39m
 [32m✓[39m test/route/request-validation.test.ts [2m([22m[2m14 tests[22m[2m)[22m[32m 128[2mms[22m[39m
 [32m✓[39m test/docs/readme-sections.test.ts [2m([22m[2m26 tests[22m[2m)[22m[32m 10[2mms[22m[39m
 [32m✓[39m test/config/validate.test.ts [2m([22m[2m14 tests[22m[2m)[22m[32m 10[2mms[22m[39m
 [32m✓[39m test/introspect/walk.test.ts [2m([22m[2m12 tests[22m[2m)[22m[32m 25[2mms[22m[39m
 [32m✓[39m test/adapter/contract.test.ts [2m([22m[2m24 tests[22m[2m)[22m[32m 16[2mms[22m[39m
 [32m✓[39m test/route/stub-adapter.test.ts [2m([22m[2m7 tests[22m[2m)[22m[32m 82[2mms[22m[39m
 [32m✓[39m test/entries/dual-load.test.ts [2m([22m[2m3 tests[22m[2m)[22m[32m 147[2mms[22m[39m
 [32m✓[39m test/entries/minified.test.ts [2m([22m[2m5 tests[22m[2m)[22m[32m 177[2mms[22m[39m
 [32m✓[39m test/config/errors.test.ts [2m([22m[2m8 tests[22m[2m)[22m[32m 10[2mms[22m[39m
 [32m✓[39m test/docs/readme-table.test.ts [2m([22m[2m24 tests[22m[2m)[22m[32m 7[2mms[22m[39m
 [32m✓[39m test/aidd-exhaustive/regression-compat/aidd_exhaustive_regression.test.ts [2m([22m[2m7 tests[22m[2m)[22m[33m 444[2mms[22m[39m
 [32m✓[39m test/config/merge.test.ts [2m([22m[2m8 tests[22m[2m)[22m[32m 5[2mms[22m[39m
 [32m✓[39m test/adapter/errors.test.ts [2m([22m[2m6 tests[22m[2m)[22m[32m 7[2mms[22m[39m
 [32m✓[39m test/route/response-validation.test.ts [2m([22m[2m10 tests[22m[2m)[22m[32m 96[2mms[22m[39m
 [32m✓[39m test/dist/manifest.test.ts [2m([22m[2m8 tests[22m[2m)[22m[32m 18[2mms[22m[39m
 [32m✓[39m test/route/wrap-async.test.ts [2m([22m[2m8 tests[22m[2m)[22m[32m 63[2mms[22m[39m
 [32m✓[39m test/adapter/no-jsonschema.test.ts [2m([22m[2m4 tests[22m[2m)[22m[32m 7[2mms[22m[39m
 [32m✓[39m test/entries/parity.test.ts [2m([22m[2m7 tests[22m[2m)[22m[32m 203[2mms[22m[39m
 [32m✓[39m test/spec/glob.test.ts [2m([22m[2m7 tests[22m[2m)[22m[32m 7[2mms[22m[39m
 [32m✓[39m test/introspect/paths.test.ts [2m([22m[2m10 tests[22m[2m)[22m[32m 25[2mms[22m[39m
 [32m✓[39m test/serve/schema-adapter.test.ts [2m([22m[2m4 tests[22m[2m)[22m[33m 405[2mms[22m[39m
 [32m✓[39m test/entries/recorder-install.test.ts [2m([22m[2m2 tests[22m[2m)[22m[32m 227[2mms[22m[39m
 [32m✓[39m test/introspect/apm-order.test.ts [2m([22m[2m4 tests[22m[2m)[22m[32m 11[2mms[22m[39m
 [32m✓[39m test/registry/registry.test.ts [2m([22m[2m6 tests[22m[2m)[22m[32m 6[2mms[22m[39m
 [32m✓[39m test/dist/pack.test.ts [2m([22m[2m6 tests[22m[2m)[22m[33m 708[2mms[22m[39m
   [32m✓[39m pack contents [2m(6)[22m
     [33m[2m✓[22m[39m packs and resolves via require[33m 698[2mms[22m[39m
 [32m✓[39m test/serve/toggles.test.ts [2m([22m[2m8 tests[22m[2m)[22m[32m 79[2mms[22m[39m
 [32m✓[39m test/introspect/recorder-mismatch.test.ts [2m([22m[2m2 tests[22m[2m)[22m[32m 87[2mms[22m[39m
 [32m✓[39m test/serve/zero-config.test.ts [2m([22m[2m10 tests[22m[2m)[22m[33m 458[2mms[22m[39m
 [32m✓[39m test/meta/lint-rules.test.ts [2m([22m[2m7 tests[22m[2m)[22m[33m 947[2mms[22m[39m
   [32m✓[39m eslint rules (ADR-20, ADR-21, ADR-04, ADR-39) [2m(7)[22m
     [33m[2m✓[22m[39m bans local Symbol() in src/**[33m 884[2mms[22m[39m
 [32m✓[39m test/spec/stub-adapter.test.ts [2m([22m[2m2 tests[22m[2m)[22m[33m 355[2mms[22m[39m
 [32m✓[39m test/route/send-delegation.test.ts [2m([22m[2m6 tests[22m[2m)[22m[32m 66[2mms[22m[39m
 [32m✓[39m test/entries/bundle.test.ts [2m([22m[2m1 test[22m[2m)[22m[32m 224[2mms[22m[39m
 [32m✓[39m test/adapter/async-schema.test.ts [2m([22m[2m3 tests[22m[2m)[22m[32m 10[2mms[22m[39m
 [32m✓[39m test/spec/ac023.test.ts [2m([22m[2m2 tests[22m[2m)[22m[33m 396[2mms[22m[39m
 [32m✓[39m test/config/defaults.test.ts [2m([22m[2m5 tests[22m[2m)[22m[32m 6[2mms[22m[39m
 [32m✓[39m test/dist/build-shape.test.ts [2m([22m[2m4 tests[22m[2m)[22m[32m 6[2mms[22m[39m
 [32m✓[39m test/adapter/memo.test.ts [2m([22m[2m4 tests[22m[2m)[22m[32m 5[2mms[22m[39m
 [32m✓[39m test/spec/cache.test.ts [2m([22m[2m6 tests[22m[2m)[22m[32m 12[2mms[22m[39m
 [32m✓[39m test/docs-ui/render.test.ts [2m([22m[2m5 tests[22m[2m)[22m[32m 6[2mms[22m[39m
 [32m✓[39m test/serve/adapter-memo.test.ts [2m([22m[2m2 tests[22m[2m)[22m[32m 11[2mms[22m[39m
 [32m✓[39m test/docs/example-smoke.test.ts [2m([22m[2m3 tests[22m[2m)[22m[32m 234[2mms[22m[39m
 [32m✓[39m test/introspect/sniff.test.ts [2m([22m[2m4 tests[22m[2m | [22m[33m2 skipped[39m[2m)[22m[32m 10[2mms[22m[39m
 [32m✓[39m test/introspect/auto-record.test.ts [2m([22m[2m4 tests[22m[2m)[22m[32m 9[2mms[22m[39m
 [32m✓[39m test/adapter/standard.test.ts [2m([22m[2m4 tests[22m[2m)[22m[32m 11[2mms[22m[39m
 [32m✓[39m test/introspect/spike.contract.test.ts [2m([22m[2m2 tests[22m[2m)[22m[32m 24[2mms[22m[39m
 [32m✓[39m test/entries/no-zod-load.test.ts [2m([22m[2m2 tests[22m[2m)[22m[32m 235[2mms[22m[39m
 [32m✓[39m test/route/incremental.test.ts [2m([22m[2m2 tests[22m[2m)[22m[32m 79[2mms[22m[39m
 [32m✓[39m test/meta/scripts.test.ts [2m([22m[2m4 tests[22m[2m)[22m[32m 128[2mms[22m[39m
 [32m✓[39m test/route/async.test.ts [2m([22m[2m4 tests[22m[2m)[22m[32m 59[2mms[22m[39m
 [32m✓[39m test/route/problem.test.ts [2m([22m[2m4 tests[22m[2m)[22m[32m 4[2mms[22m[39m
 [32m✓[39m test/adapter/zod-jsonschema.test.ts [2m([22m[2m3 tests[22m[2m)[22m[32m 12[2mms[22m[39m
 [32m✓[39m test/entries/manual.test.ts [2m([22m[2m1 test[22m[2m)[22m[32m 112[2mms[22m[39m
 [32m✓[39m test/introspect/subapp-parent.test.ts [2m([22m[2m2 tests[22m[2m)[22m[32m 12[2mms[22m[39m
 [32m✓[39m test/describe/describe.test.ts [2m([22m[2m2 tests[22m[2m)[22m[32m 56[2mms[22m[39m
 [32m✓[39m test/core/fixtures.test.ts [2m([22m[2m2 tests[22m[2m)[22m[32m 18[2mms[22m[39m
 [32m✓[39m test/spec/canonical.test.ts [2m([22m[2m4 tests[22m[2m)[22m[32m 11[2mms[22m[39m
 [32m✓[39m test/core/types.test.ts [2m([22m[2m3 tests[22m[2m)[22m[32m 5[2mms[22m[39m
 [32m✓[39m test/serve/paths.test.ts [2m([22m[2m2 tests[22m[2m)[22m[32m 58[2mms[22m[39m
 [32m✓[39m test/serve/config-error.test.ts [2m([22m[2m4 tests[22m[2m)[22m[32m 5[2mms[22m[39m
 [32m✓[39m test/route/meta-tag.test.ts [2m([22m[2m1 test[22m[2m)[22m[32m 7[2mms[22m[39m
 [32m✓[39m test/introspect/describe-meta.test.ts [2m([22m[2m1 test[22m[2m)[22m[32m 4[2mms[22m[39m
 [32m✓[39m test/adapter/standard-floor.test.ts [2m([22m[2m1 test[22m[2m)[22m[32m 7[2mms[22m[39m
 [32m✓[39m test/meta/mutation-smoke/seed.test.ts [2m([22m[2m1 test[22m[2m)[22m[32m 2[2mms[22m[39m
 [32m✓[39m test/entries/zod-subpath.test.ts [2m([22m[2m2 tests[22m[2m)[22m[32m 78[2mms[22m[39m
 [32m✓[39m [44m[1m TS [22m[49m test/config/options.test-d.ts [2m([22m[2m1 test[22m[2m)[22m
 [32m✓[39m [44m[1m TS [22m[49m test/core/types.test-d.ts [2m([22m[2m1 test[22m[2m)[22m
 [32m✓[39m [44m[1m TS [22m[49m test/route/typed.test-d.ts [2m([22m[2m2 tests[22m[2m)[22m
 [32m✓[39m [44m[1m TS [22m[49m test/adapter/infer.test-d.ts [2m([22m[2m1 test[22m[2m)[22m

[2m Test Files [22m [1m[32m78 passed[39m[22m[90m (78)[39m
[2m      Tests [22m [1m[32m637 passed[39m[22m[2m | [22m[33m5 skipped[39m[90m (642)[39m
[2mType Errors [22m [2mno errors[22m
[2m   Start at [22m 16:25:02
[2m   Duration [22m 11.71s[2m (tests 44%, import 35%, typecheck 9%, worker 6%, transform 6%)[22m

[2m    Isolate [22m [33m75 workers spawned[39m[2m · ~99ms startup each (spawn + environment, per file)[22m
[2m            [22m [2mat least ~1.76s faster with [22m[33misolate: false[39m[2m — reuses workers across files instead of one per file[22m

[34m % [39m[2mCoverage report from [22m[33mv8[39m
-------------------|---------|----------|---------|---------|-------------------
File               | % Stmts | % Branch | % Funcs | % Lines | Uncovered Line #s 
-------------------|---------|----------|---------|---------|-------------------
All files          |   98.56 |    93.35 |   99.45 |   99.34 |                   
 src               |       0 |        0 |       0 |       0 |                   
  auto-record.ts   |       0 |        0 |       0 |       0 |                   
  index.ts         |       0 |        0 |       0 |       0 |                   
  manual.ts        |       0 |        0 |       0 |       0 |                   
  zod.ts           |       0 |        0 |       0 |       0 |                   
 src/adapter       |   97.56 |    89.13 |     100 |   98.71 |                   
  errors.ts        |     100 |      100 |     100 |     100 |                   
  memo.ts          |     100 |      100 |     100 |     100 |                   
  ...dard-types.ts |       0 |        0 |       0 |       0 |                   
  standard.ts      |   96.15 |    83.33 |     100 |     100 | 20-22,50          
  types.ts         |       0 |        0 |       0 |       0 |                   
  zod.ts           |    90.9 |       75 |     100 |    90.9 | 32                
 src/config        |   98.23 |    96.72 |     100 |   98.13 |                   
  defaults.ts      |     100 |      100 |     100 |     100 |                   
  errors.ts        |     100 |       90 |     100 |     100 | 13                
  merge.ts         |   94.73 |     92.3 |     100 |   94.44 | 22                
  spec-table.ts    |     100 |      100 |     100 |     100 |                   
  types.ts         |       0 |        0 |       0 |       0 |                   
  validate.ts      |      96 |     92.3 |     100 |      96 | 38                
 src/core          |     100 |      100 |     100 |     100 |                   
  types.ts         |     100 |      100 |     100 |     100 |                   
 src/docs          |     100 |      100 |     100 |     100 |                   
  cdn.ts           |     100 |      100 |     100 |     100 |                   
  render.ts        |     100 |      100 |     100 |     100 |                   
 src/introspect    |   98.32 |    89.67 |   97.05 |   99.08 |                   
  auto-record.ts   |     100 |       75 |      75 |     100 | 30                
  index.ts         |   97.39 |    90.47 |     100 |   99.01 | 143               
  paths.ts         |     100 |    95.83 |     100 |     100 | 22                
  recorder.ts      |   98.41 |    84.61 |     100 |    98.3 | 23                
  sniff.ts         |     100 |      100 |     100 |     100 |                   
 src/registry      |     100 |      100 |     100 |     100 |                   
  registry.ts      |     100 |      100 |     100 |     100 |                   
 src/route         |   98.91 |     92.1 |     100 |     100 |                   
  async.ts         |     100 |      100 |     100 |     100 |                   
  describe.ts      |     100 |      100 |     100 |     100 |                   
  problem.ts       |     100 |      100 |     100 |     100 |                   
  typed.ts         |   95.65 |    78.57 |     100 |     100 | 56,103-111        
  ...te-request.ts |     100 |      100 |     100 |     100 |                   
  ...e-response.ts |     100 |      100 |     100 |     100 |                   
 src/serve         |     100 |    91.66 |     100 |     100 |                   
  router.ts        |     100 |    91.66 |     100 |     100 | 99                
 src/spec          |   98.79 |    95.59 |     100 |     100 |                   
  build.ts         |   99.37 |    96.63 |     100 |     100 | 96-97,230,330     
  cache.ts         |   96.29 |    92.85 |     100 |     100 | 16                
  canonical.ts     |     100 |      100 |     100 |     100 |                   
  glob.ts          |     100 |      100 |     100 |     100 |                   
  naming.ts        |   96.15 |       80 |     100 |     100 | 6,27              
-------------------|---------|----------|---------|---------|-------------------
